// Jest Snapshot v1, https://goo.gl/fbAQLP

exports[`Test for Calculate component Home snapShot test 1`] = `
<div
  className="App"
  data-testid="calculate-data"
>
  <div>
    <h2>
      Lets do some math!
    </h2>
  </div>
  <div
    className="container"
  >
    <div
      className="output"
    >
      <p
        data-testid="display-data"
      >
         0
      </p>
    </div>
    <div
      className="input"
    >
      <div
        className="section-button"
      >
        <button
          className="operation"
          data-testid="AC"
          onClick={[Function]}
          type="button"
        >
          AC
        </button>
        <button
          className="operation"
          data-testid="+/-"
          onClick={[Function]}
          type="button"
        >
          +/-
        </button>
        <button
          className="operation"
          data-testid="%"
          onClick={[Function]}
          type="button"
        >
          %
        </button>
        <button
          className="operation colored"
          data-testid="รท"
          onClick={[Function]}
          type="button"
        >
          รท
        </button>
      </div>
      <div
        className="section-button"
      >
        <button
          className="operation"
          data-testid="7"
          onClick={[Function]}
          type="button"
        >
          7
        </button>
        <button
          className="operation"
          data-testid="8"
          onClick={[Function]}
          type="button"
        >
          8
        </button>
        <button
          className="operation"
          data-testid="9"
          onClick={[Function]}
          type="button"
        >
          9
        </button>
        <button
          className="operation colored"
          data-testid="x"
          onClick={[Function]}
          type="button"
        >
          x
        </button>
      </div>
      <div
        className="section-button"
      >
        <button
          className="operation"
          data-testid="4"
          onClick={[Function]}
          type="button"
        >
          4
        </button>
        <button
          className="operation"
          data-testid="5"
          onClick={[Function]}
          type="button"
        >
          5
        </button>
        <button
          className="operation"
          data-testid="6"
          onClick={[Function]}
          type="button"
        >
          6
        </button>
        <button
          className="operation colored"
          data-testid="-"
          onClick={[Function]}
          type="button"
        >
          -
        </button>
      </div>
      <div
        className="section-button"
      >
        <button
          className="operation"
          data-testid="1"
          onClick={[Function]}
          type="button"
        >
          1
        </button>
        <button
          className="operation"
          data-testid="2"
          onClick={[Function]}
          type="button"
        >
          2
        </button>
        <button
          className="operation"
          data-testid="3"
          onClick={[Function]}
          type="button"
        >
          3
        </button>
        <button
          className="operation colored"
          data-testid="+"
          onClick={[Function]}
          type="button"
        >
          +
        </button>
      </div>
      <div
        className="section-button"
      >
        <button
          className="operation zero"
          data-testid="0"
          onClick={[Function]}
          type="button"
        >
          0
        </button>
        <button
          className="operation"
          data-testid="."
          onClick={[Function]}
          type="button"
        >
          .
        </button>
        <button
          className="operation colored"
          data-testid="="
          onClick={[Function]}
          type="button"
        >
          =
        </button>
      </div>
    </div>
  </div>
</div>
`;
